###############################################################################
#
# IAR ELF Linker V7.30.3.8024/W32 for ARM                 19/Jan/2018  18:24:58
# Copyright 2007-2014 IAR Systems AB.
#
#    Output file  =  F:\HT6x1xMeter\Project\Debug\Exe\IAR_HT6x1xMeter.out
#    Map file     =  F:\HT6x1xMeter\Project\Debug\List\IAR_HT6x1xMeter.map
#    Command line =  
#        F:\HT6x1xMeter\Project\Debug\Obj\core_cm0.o
#        F:\HT6x1xMeter\Project\Debug\Obj\ht501x_emu.o
#        F:\HT6x1xMeter\Project\Debug\Obj\ht501x_keyscan.o
#        F:\HT6x1xMeter\Project\Debug\Obj\ht6xxx_aes&rand.o
#        F:\HT6x1xMeter\Project\Debug\Obj\ht6xxx_cmu.o
#        F:\HT6x1xMeter\Project\Debug\Obj\ht6xxx_dma.o
#        F:\HT6x1xMeter\Project\Debug\Obj\ht6xxx_exti.o
#        F:\HT6x1xMeter\Project\Debug\Obj\ht6xxx_flash.o
#        F:\HT6x1xMeter\Project\Debug\Obj\ht6xxx_gpio.o
#        F:\HT6x1xMeter\Project\Debug\Obj\ht6xxx_iic.o
#        F:\HT6x1xMeter\Project\Debug\Obj\ht6xxx_it.o
#        F:\HT6x1xMeter\Project\Debug\Obj\ht6xxx_lcd.o
#        F:\HT6x1xMeter\Project\Debug\Obj\ht6xxx_pmu.o
#        F:\HT6x1xMeter\Project\Debug\Obj\ht6xxx_reset.o
#        F:\HT6x1xMeter\Project\Debug\Obj\ht6xxx_rtc.o
#        F:\HT6x1xMeter\Project\Debug\Obj\ht6xxx_spi.o
#        F:\HT6x1xMeter\Project\Debug\Obj\ht6xxx_tbs.o
#        F:\HT6x1xMeter\Project\Debug\Obj\ht6xxx_tdes&rand.o
#        F:\HT6x1xMeter\Project\Debug\Obj\ht6xxx_timer.o
#        F:\HT6x1xMeter\Project\Debug\Obj\ht6xxx_uart&7816.o
#        F:\HT6x1xMeter\Project\Debug\Obj\main.o
#        F:\HT6x1xMeter\Project\Debug\Obj\startup_ht6x1x.o
#        F:\HT6x1xMeter\Project\Debug\Obj\system_ht6xxx.o -o
#        F:\HT6x1xMeter\Project\Debug\Exe\IAR_HT6x1xMeter.out --map
#        F:\HT6x1xMeter\Project\Debug\List\IAR_HT6x1xMeter.map --config
#        "C:\Program Files (x86)\IAR Systems\Embedded Workbench
#        7.0\arm\config\flashloader\Hitrendtech\HT6X1X.icf" --semihosting
#        --entry __iar_program_start --vfe
#
###############################################################################

*******************************************************************************
*** RUNTIME MODEL ATTRIBUTES
***

CppFlavor       = *
__SystemLibrary = DLib


*******************************************************************************
*** PLACEMENT SUMMARY
***

"A1":  place at 0x00000000 { ro section .intvec };
"A2":  place at 0x00000fc0 { ro section .password };
"P1":  place in [from 0x00000000 to 0x0001ffff] { ro };
"P2":  place in [from 0x20000000 to 0x20001fff] { rw, block CSTACK, block HEAP };

  Section    Kind        Address    Size  Object
  -------    ----        -------    ----  ------
"A1":                               0xc0
  .intvec    ro code  0x00000000    0xc0  startup_ht6x1x.o [1]
                    - 0x000000c0    0xc0

"A2":                                0x4
  .password  ro code  0x00000fc0     0x4  startup_ht6x1x.o [1]
                    - 0x00000fc4     0x4

"P1":                              0x63a
  .text      ro code  0x00000fc4   0x4a6  ht6xxx_it.o [1]
  .text      ro code  0x0000146a     0x2  startup_ht6x1x.o [1]
  .text      ro code  0x0000146c    0x2c  ht6xxx_pmu.o [1]
  .text      ro code  0x00001498    0x50  ht6xxx_exti.o [1]
  .text      ro code  0x000014e8    0x3c  ht6xxx_uart&7816.o [1]
  .text      ro code  0x00001524    0x24  ht6xxx_timer.o [1]
  .text      ro code  0x00001548    0x28  ht6xxx_tbs.o [1]
  .text      ro code  0x00001570    0x1e  ht6xxx_spi.o [1]
  .text      ro code  0x0000158e     0x2  startup_ht6x1x.o [1]
  .text      ro code  0x00001590    0x1a  cmain.o [4]
  .text      ro code  0x000015aa     0x4  low_level_init.o [3]
  .text      ro code  0x000015ae     0x4  main.o [1]
  .text      ro code  0x000015b2     0x8  exit.o [3]
  .text      ro code  0x000015ba     0x2  startup_ht6x1x.o [1]
  .text      ro code  0x000015bc     0xa  cexit.o [4]
  .text      ro code  0x000015c6     0x2  startup_ht6x1x.o [1]
  .text      ro code  0x000015c8    0x14  exit.o [5]
  .text      ro code  0x000015dc    0x10  startup_ht6x1x.o [1]
  .text      ro code  0x000015ec     0xc  cstartup_M.o [4]
  .text      ro code  0x000015f8     0x2  startup_ht6x1x.o [1]
  .text      ro code  0x000015fa     0x2  startup_ht6x1x.o [1]
  .text      ro code  0x000015fc     0x2  system_ht6xxx.o [1]
                    - 0x000015fe   0x63a

"P2":                             0x1000
  CSTACK              0x20000000  0x1000  <Block>
    CSTACK   uninit   0x20000000  0x1000  <Block tail>
                    - 0x20001000  0x1000



*******************************************************************************
*** MODULE SUMMARY
***

    Module              ro code  rw data
    ------              -------  -------
F:\HT6x1xMeter\Project\Debug\Obj: [1]
    ht6xxx_exti.o            80
    ht6xxx_it.o           1 190
    ht6xxx_pmu.o             44
    ht6xxx_spi.o             30
    ht6xxx_tbs.o             40
    ht6xxx_timer.o           36
    ht6xxx_uart&7816.o       60
    main.o                    4
    startup_ht6x1x.o        224
    system_ht6xxx.o           2
    ------------------------------------
    Total:                1 710

command line: [2]
    ------------------------------------
    Total:

dl6M_tln.a: [3]
    exit.o                    8
    low_level_init.o          4
    ------------------------------------
    Total:                   12

rt6M_tl.a: [4]
    cexit.o                  10
    cmain.o                  26
    cstartup_M.o             12
    ------------------------------------
    Total:                   48

shb_l.a: [5]
    exit.o                   20
    ------------------------------------
    Total:                   20

    Linker created                 4 096
----------------------------------------
    Grand Total:          1 790    4 096


*******************************************************************************
*** ENTRY LIST
***

Entry                      Address  Size  Type      Object
-----                      -------  ----  ----      ------
?main                   0x00001591        Code  Gb  cmain.o [4]
CSTACK$$Base            0x20000000         --   Gb  - Linker created -
CSTACK$$Limit           0x20001000         --   Gb  - Linker created -
EXTI0_IRQHandler        0x00000ffb  0x28  Code  Gb  ht6xxx_it.o [1]
EXTI1_IRQHandler        0x00001023  0x28  Code  Gb  ht6xxx_it.o [1]
EXTI2_IRQHandler        0x0000104b  0x28  Code  Gb  ht6xxx_it.o [1]
EXTI3_IRQHandler        0x00001073  0x28  Code  Gb  ht6xxx_it.o [1]
EXTI4_IRQHandler        0x0000109b  0x28  Code  Gb  ht6xxx_it.o [1]
EXTI5_IRQHandler        0x000010c3  0x28  Code  Gb  ht6xxx_it.o [1]
EXTI6_IRQHandler        0x000010eb  0x28  Code  Gb  ht6xxx_it.o [1]
HT_EXTIFall_ClearITPendingBit
                        0x000014d5  0x10  Code  Gb  ht6xxx_exti.o [1]
HT_EXTIFall_ITFlagStatusGet
                        0x000014ad  0x14  Code  Gb  ht6xxx_exti.o [1]
HT_EXTIRise_ClearITPendingBit
                        0x000014c1  0x14  Code  Gb  ht6xxx_exti.o [1]
HT_EXTIRise_ITFlagStatusGet
                        0x00001499  0x14  Code  Gb  ht6xxx_exti.o [1]
HT_ISO7816_ClearITPendingBit
                        0x0000151b   0xa  Code  Gb  ht6xxx_uart&7816.o [1]
HT_ISO7816_ITFlagStatusGet
                        0x00001507  0x14  Code  Gb  ht6xxx_uart&7816.o [1]
HT_PMU_ClearITPendingBit
                        0x00001483   0xe  Code  Gb  ht6xxx_pmu.o [1]
HT_PMU_ITFlagStatusGet  0x0000146d  0x16  Code  Gb  ht6xxx_pmu.o [1]
HT_SPI_ClearITPendingBit
                        0x00001585   0xa  Code  Gb  ht6xxx_spi.o [1]
HT_SPI_ITFlagStatusGet  0x00001571  0x14  Code  Gb  ht6xxx_spi.o [1]
HT_TBS_ClearITPendingBit
                        0x0000155f   0xe  Code  Gb  ht6xxx_tbs.o [1]
HT_TBS_ITFlagStatusGet  0x00001549  0x16  Code  Gb  ht6xxx_tbs.o [1]
HT_TMR_ClearITPendingBit
                        0x00001539  0x10  Code  Gb  ht6xxx_timer.o [1]
HT_TMR_ITFlagStatusGet  0x00001525  0x14  Code  Gb  ht6xxx_timer.o [1]
HT_UART_ClearITPendingBit
                        0x000014fd   0xa  Code  Gb  ht6xxx_uart&7816.o [1]
HT_UART_ITFlagStatusGet
                        0x000014e9  0x14  Code  Gb  ht6xxx_uart&7816.o [1]
I2C_IRQHandler          0x00001411   0x2  Code  Gb  ht6xxx_it.o [1]
PMU_IRQHandler          0x00000fc5  0x34  Code  Gb  ht6xxx_it.o [1]
RTC_IRQHandler          0x000013ff   0xc  Code  Gb  ht6xxx_it.o [1]
Region$$Table$$Base     0x00000000         --   Gb  - Linker created -
Region$$Table$$Limit    0x00000000         --   Gb  - Linker created -
SPI0_IRQHandler         0x00001413  0x2c  Code  Gb  ht6xxx_it.o [1]
SystemInit              0x000015fd   0x2  Code  Gb  system_ht6xxx.o [1]
TBS_IRQHandler          0x0000139b  0x64  Code  Gb  ht6xxx_it.o [1]
TDES_IRQHandler         0x00000ff9   0x2  Code  Gb  ht6xxx_it.o [1]
TIMER_0_IRQHandler      0x0000129b  0x40  Code  Gb  ht6xxx_it.o [1]
TIMER_1_IRQHandler      0x000012db  0x40  Code  Gb  ht6xxx_it.o [1]
TIMER_2_IRQHandler      0x0000131b  0x40  Code  Gb  ht6xxx_it.o [1]
TIMER_3_IRQHandler      0x0000135b  0x40  Code  Gb  ht6xxx_it.o [1]
UART0_IRQHandler        0x00001113  0x2c  Code  Gb  ht6xxx_it.o [1]
UART1_IRQHandler        0x0000113f  0x2c  Code  Gb  ht6xxx_it.o [1]
UART2_IRQHandler        0x0000116b  0x2c  Code  Gb  ht6xxx_it.o [1]
UART3_IRQHandler        0x00001197  0x68  Code  Gb  ht6xxx_it.o [1]
UART4_IRQHandler        0x000011ff  0x68  Code  Gb  ht6xxx_it.o [1]
UART5_IRQHandler        0x00001267  0x34  Code  Gb  ht6xxx_it.o [1]
WDT_IRQHandler          0x00001469   0x2  Code  Gb  ht6xxx_it.o [1]
__cmain                 0x00001591        Code  Gb  cmain.o [4]
__exit                  0x000015c9  0x14  Code  Gb  exit.o [5]
__iar_program_start     0x000015ed        Code  Gb  cstartup_M.o [4]
__low_level_init        0x000015ab   0x4  Code  Gb  low_level_init.o [3]
__vector_table          0x00000000        Data  Gb  startup_ht6x1x.o [1]
_call_main              0x0000159d        Code  Gb  cmain.o [4]
_exit                   0x000015bd        Code  Gb  cexit.o [4]
_main                   0x000015a7        Code  Gb  cmain.o [4]
exit                    0x000015b3   0x8  Code  Gb  exit.o [3]
main                    0x000015af   0x4  Code  Gb  main.o [1]


[1] = F:\HT6x1xMeter\Project\Debug\Obj
[2] = command line
[3] = dl6M_tln.a
[4] = rt6M_tl.a
[5] = shb_l.a

  1 790 bytes of readonly  code memory
  4 096 bytes of readwrite data memory

Errors: none
Warnings: none
